// Jest Snapshot v1, https://goo.gl/fbAQLP

exports[`Filters renders given filters 1`] = `
<View
  style={
    Object {
      "flexDirection": "row",
    }
  }
>
  <View
    style={
      Object {
        "flexBasis": 0,
        "flexDirection": "row",
        "flexGrow": 1,
        "flexShrink": 1,
        "flexWrap": "wrap",
        "marginBottom": 20,
      }
    }
  >
    <Text
      style={
        Object {
          "fontFamily": "Quattrocento_400Regular",
          "fontSize": 20,
          "fontWeight": "normal",
          "marginBottom": 0,
          "marginRight": 20,
          "marginTop": 8,
        }
      }
    >
      Filters
    </Text>
    <View
      accessible={true}
      focusable={true}
      onClick={[Function]}
      onResponderGrant={[Function]}
      onResponderMove={[Function]}
      onResponderRelease={[Function]}
      onResponderTerminate={[Function]}
      onResponderTerminationRequest={[Function]}
      onStartShouldSetResponder={[Function]}
      style={
        Object {
          "backgroundColor": "lavender",
          "borderBottomLeftRadius": 8,
          "borderBottomRightRadius": 8,
          "borderTopLeftRadius": 8,
          "borderTopRightRadius": 8,
          "marginBottom": 8,
          "marginRight": 8,
          "opacity": 1,
          "paddingBottom": 8,
          "paddingLeft": 8,
          "paddingRight": 8,
          "paddingTop": 8,
        }
      }
    >
      <Text
        style={
          Object {
            "color": "black",
            "fontFamily": "FanwoodText_400Regular",
            "fontSize": 16,
            "fontWeight": "normal",
            "marginBottom": 0,
          }
        }
      >
        Designers
      </Text>
    </View>
    <View
      accessible={true}
      focusable={true}
      onClick={[Function]}
      onResponderGrant={[Function]}
      onResponderMove={[Function]}
      onResponderRelease={[Function]}
      onResponderTerminate={[Function]}
      onResponderTerminationRequest={[Function]}
      onStartShouldSetResponder={[Function]}
      style={
        Object {
          "backgroundColor": "lavender",
          "borderBottomLeftRadius": 8,
          "borderBottomRightRadius": 8,
          "borderTopLeftRadius": 8,
          "borderTopRightRadius": 8,
          "marginBottom": 8,
          "marginRight": 8,
          "opacity": 1,
          "paddingBottom": 8,
          "paddingLeft": 8,
          "paddingRight": 8,
          "paddingTop": 8,
        }
      }
    >
      <Text
        style={
          Object {
            "color": "black",
            "fontFamily": "FanwoodText_400Regular",
            "fontSize": 16,
            "fontWeight": "normal",
            "marginBottom": 0,
          }
        }
      >
        Colors
      </Text>
    </View>
    <View
      accessible={true}
      focusable={true}
      onClick={[Function]}
      onResponderGrant={[Function]}
      onResponderMove={[Function]}
      onResponderRelease={[Function]}
      onResponderTerminate={[Function]}
      onResponderTerminationRequest={[Function]}
      onStartShouldSetResponder={[Function]}
      style={
        Object {
          "backgroundColor": "lavender",
          "borderBottomLeftRadius": 8,
          "borderBottomRightRadius": 8,
          "borderTopLeftRadius": 8,
          "borderTopRightRadius": 8,
          "marginBottom": 8,
          "marginRight": 8,
          "opacity": 1,
          "paddingBottom": 8,
          "paddingLeft": 8,
          "paddingRight": 8,
          "paddingTop": 8,
        }
      }
    >
      <Text
        style={
          Object {
            "color": "black",
            "fontFamily": "FanwoodText_400Regular",
            "fontSize": 16,
            "fontWeight": "normal",
            "marginBottom": 0,
          }
        }
      >
        Price
      </Text>
    </View>
  </View>
</View>
`;
