// Jest Snapshot v1, https://goo.gl/fbAQLP

exports[`correctly renders the text elements 1`] = `
<Text
  style={
    Object {
      "fontFamily": "Helvetica",
      "fontSize": 16,
      "fontWeight": "normal",
      "lineHeight": 21,
    }
  }
>
  Text of the main persuasion.
</Text>
`;

exports[`correctly renders the text elements 2`] = `
<Text
  style={
    Object {
      "fontFamily": "Helvetica",
      "fontSize": 16,
      "fontWeight": "normal",
      "lineHeight": 21,
    }
  }
>
  Title!
</Text>
`;

exports[`correctly renders the text elements 3`] = `
<Text
  style={
    Object {
      "fontFamily": "Helvetica",
      "fontSize": 16,
      "fontWeight": "normal",
      "lineHeight": 21,
    }
  }
>
  I'm a subtitle.
</Text>
`;

exports[`correctly renders the text elements 4`] = `
<Text
  style={
    Object {
      "fontFamily": "Helvetica",
      "fontSize": 16,
      "fontWeight": "normal",
      "lineHeight": 21,
    }
  }
>
  Not quite a subtitle, but still more important than the rest.
</Text>
`;

exports[`correctly renders the text elements 5`] = `
<Text
  style={
    Object {
      "fontFamily": "Helvetica",
      "fontSize": 16,
      "fontWeight": "normal",
      "lineHeight": 21,
    }
  }
>
  I'm a Caption!
</Text>
`;

exports[`correctly renders the text elements 6`] = `
<Text
  style={
    Object {
      "fontFamily": "Quattrocento_700Bold",
      "fontSize": 33,
    }
  }
>
  Title!
</Text>
`;

exports[`correctly renders the text elements 7`] = `
<Text
  style={
    Object {
      "fontFamily": "Quattrocento_400Regular",
      "fontSize": 26,
    }
  }
>
  I'm a subtitle.
</Text>
`;

exports[`correctly renders the text elements 8`] = `
<Text
  style={
    Object {
      "fontFamily": "Quattrocento_400Regular",
      "fontSize": 20,
    }
  }
>
  Not quite a subtitle, but still more important than the rest.
</Text>
`;

exports[`correctly renders the text elements 9`] = `
<Text
  style={
    Object {
      "fontFamily": "FanwoodText_400Regular",
    }
  }
>
  Text of the main persuasion.
</Text>
`;

exports[`correctly renders the text elements 10`] = `
<Text
  style={
    Object {
      "fontFamily": "FanwoodText_400Italic",
      "fontSize": 12.5,
    }
  }
>
  I'm a Caption!
</Text>
`;
